// Jest Snapshot v1, https://goo.gl/fbAQLP

exports[`<Overview /> Should render 1`] = `
<div
  className="introduction"
>
  <Typography
    variant="headline-6"
  >
    Introduction
  </Typography>
  <Typography
    variant="subtext"
  >
    The Design Language System (DLS) contains several React components such as buttons, form fields, etc which can be imported in React and are self-contained with styling, test suites, functional JSX code, etc. For detailed readme, issues, suggestions, and related projects, view the
     
    <a
      href="https://github.com/NoisyTrumpet/osi-dls#readme"
    >
       
      Project Source
    </a>
     
    on GitHub.
  </Typography>
  <br />
  <Typography
    variant="body-medium"
  >
    DLS v1.5.0
  </Typography>
</div>
`;
